// Jest Snapshot v1, https://goo.gl/fbAQLP

exports[`App renders correctly should render the App Component correctly 1`] = `
<View>
  <TouchableWithoutFeedback
    onPress={[Function]}
  >
    <ImageBackground
      source={1}
      style={
        Object {
          "alignItems": "center",
          "height": "100%",
          "justifyContent": "center",
          "width": "100%",
          "zIndex": -1,
        }
      }
    >
      <Image
        resizeMode="contain"
        source={1}
        style={
          Object {
            "height": 300,
            "marginBottom": 80,
            "marginTop": -30,
            "top": -1,
            "transform": Array [
              Object {
                "rotate": "-15.00deg",
              },
            ],
            "width": 300,
            "zIndex": 1,
          }
        }
      />
      <LoginBox />
    </ImageBackground>
  </TouchableWithoutFeedback>
</View>
`;
